[codepixar.com/educare/php/index.html]
[codepixar.com/educare/php/img/logo/favicon.png]
[backblue.gif]
[fade.gif]
[index.html]
[codepixar.com/educare/php/img/logo/logo.png]
[codepixar.com/educare/php/02-home-college.html]
[codepixar.com/educare/php/03-home-online-education.html]
[codepixar.com/educare/php/04-home-language.html]
[codepixar.com/educare/php/05-home-kindergarten.html]
[codepixar.com/educare/php/06-home-driving-school.html]
[codepixar.com/educare/php/07-home-designing-school.html]
[codepixar.com/educare/php/08-home-cooking-school.html]
[codepixar.com/educare/php/10-course-grid-01.html]
[codepixar.com/educare/php/11-course-grid-02.html]
[codepixar.com/educare/php/12-course-list-01.html]
[codepixar.com/educare/php/13-course-list-02.html]
[codepixar.com/educare/php/14-course-details.html]
[codepixar.com/educare/php/26-teacher-grid.html]
[codepixar.com/educare/php/27-teacher-list.html]
[codepixar.com/educare/php/28-teacher-archive.html]
[codepixar.com/educare/php/32-blog-home.html]
[codepixar.com/educare/php/29-teacher-details.html]
[codepixar.com/educare/php/33-blog-left-sidebar.html]
[codepixar.com/educare/php/34-blog-right-sidebar.html]
[codepixar.com/educare/php/35-blog-single.html]
[codepixar.com/educare/php/15-events-listview.html]
[codepixar.com/educare/php/16-events-gridview.html]
[codepixar.com/educare/php/36-shop-home.html]
[codepixar.com/educare/php/37-shop-grid-sidebar.html]
[codepixar.com/educare/php/38-shop-list-sidebar.html]
[codepixar.com/educare/php/39-shop-single-product.html]
[codepixar.com/educare/php/40-shop-cart.html]
[codepixar.com/educare/php/41-shop-checkout.html]
[codepixar.com/educare/php/42-shop-payment.html]
[codepixar.com/educare/php/44-buddypress-activity.html]
[codepixar.com/educare/php/43-shop-confirmation.html]
[codepixar.com/educare/php/46-buddypress-members.html]
[codepixar.com/educare/php/44-buddypress-activity-afterlogin.html]
[codepixar.com/educare/php/45-buddypress-groups.html]
[codepixar.com/educare/php/48-buddypress-groupdetails-afterlogin.html]
[codepixar.com/educare/php/50-elements.html]
[codepixar.com/educare/php/09-about.html]
[codepixar.com/educare/php/49-buddypress-forums-home.html]
[codepixar.com/educare/php/17-publication-board.html]
[codepixar.com/educare/php/18-publication-details.html]
[codepixar.com/educare/php/19-testimonials.html]
[codepixar.com/educare/php/20-clients.html]
[codepixar.com/educare/php/21-login-register.html]
[codepixar.com/educare/php/22-department-grid.html]
[codepixar.com/educare/php/23-department-list.html]
[codepixar.com/educare/php/24-faqs.html]
[codepixar.com/educare/php/30-404-error.html]
[codepixar.com/educare/php/25-contact.html]
[codepixar.com/educare/php/31-comming-soon.html]
[codepixar.com/educare/php/img/slider/1.jpg]
[codepixar.com/educare/php/img/slider/5.jpg]
[codepixar.com/educare/php/img/slider/mini-slider.jpg]
[codepixar.com/educare/php/img/course/1.jpg]
[codepixar.com/educare/php/img/course/2.jpg]
[codepixar.com/educare/php/img/course/3.jpg]
[codepixar.com/educare/php/img/course/4.jpg]
[codepixar.com/educare/php/img/course/5.jpg]
[codepixar.com/educare/php/img/course/6.jpg]
[codepixar.com/educare/php/img/course/p1.jpg]
[codepixar.com/educare/php/img/course/p2.jpg]
[codepixar.com/educare/php/img/course/p3.jpg]
[codepixar.com/educare/php/img/chairman/signature.png]
[codepixar.com/educare/php/img/chairman/chancellor.png]
[codepixar.com/educare/php/img/testimonial/t1.png]
[codepixar.com/educare/php/img/footer/1.jpg]
[codepixar.com/educare/php/img/footer/2.jpg]
[codepixar.com/educare/php/img/footer/3.jpg]
[codepixar.com/educare/php/js/vendor/jquery-2.2.4.min.js]
[codepixar.com/educare/php/js/vendor/bootstrap.min.js]
[codepixar.com/educare/php/js/vendor/materialize.min.js]
[codepixar.com/educare/php/js/owl.carousel.min.js]
[codepixar.com/educare/php/js/jquery.sticky.js]
[codepixar.com/educare/php/js/jquery.slicknav.min.js]
[codepixar.com/educare/php/js/jquery.nice-select.js]
[codepixar.com/educare/php/js/jquery.jCounter-0.1.4.js]
[codepixar.com/educare/php/js/main.js]
[codepixar.com/educare/php/js/map-init.js]
[codepixar.com/educare/php/index.html]
[codepixar.com/educare/php/fonts/fontawesome-webfont3e6e.eot]
[codepixar.com/educare/php/fonts/fontawesome-webfontd41d.eot]
[codepixar.com/educare/php/fonts/fontawesome-webfont3e6e.woff2]
[codepixar.com/educare/php/fonts/fontawesome-webfont3e6e.woff]
[codepixar.com/educare/php/fonts/fontawesome-webfont3e6e.ttf]
[codepixar.com/educare/php/css/font-awesome.min.css]
[codepixar.com/educare/php/css/materialize.css]
[www.codepixar.com/educare/php/css/owl.video.play.78.delayed]
[codepixar.com/educare/php/css/owl.carousel.css]
[codepixar.com/educare/php/fonts/et-line/et-line.eot]
[codepixar.com/educare/php/fonts/et-line/et-line.woff]
[codepixar.com/educare/php/fonts/et-line/et-lined41d.eot]
[codepixar.com/educare/php/fonts/et-line/et-line.ttf]
[codepixar.com/educare/php/css/et-line.css]
[codepixar.com/educare/php/fonts/glyphicons-halflings-regular.eot]
[codepixar.com/educare/php/fonts/glyphicons-halflings-regular.woff2]
[codepixar.com/educare/php/fonts/glyphicons-halflings-regulard41d.eot]
[codepixar.com/educare/php/fonts/glyphicons-halflings-regular.woff]
[codepixar.com/educare/php/fonts/glyphicons-halflings-regular.ttf]
[codepixar.com/educare/php/css/bootstrap.min.css]
[codepixar.com/educare/php/css/slicknav.css]
[codepixar.com/educare/php/fonts/Flaticon.woff]
[codepixar.com/educare/php/fonts/Flaticon.ttf]
[codepixar.com/educare/php/css/flaticon.css]
[codepixar.com/educare/php/img/slider/content-bg.png]
[codepixar.com/educare/php/img/slider/static-banner.jpg]
[codepixar.com/educare/php/img/chairman/chairman-bg.jpg]
[codepixar.com/educare/php/img/cta/1.jpg]
[codepixar.com/educare/php/img/cta/3.jpg]
[codepixar.com/educare/php/img/cta/2.jpg]
[codepixar.com/educare/php/img/cta/4.jpg]
[codepixar.com/educare/php/img/cta/5.jpg]
[codepixar.com/educare/php/img/blog/3.jpg]
[codepixar.com/educare/php/img/blog/4.jpg]
[codepixar.com/educare/php/img/blog/c2.jpg]
[codepixar.com/educare/php/img/extra/register-bg.jpg]
[codepixar.com/educare/php/img/contact/1.jpg]
[codepixar.com/educare/php/img/extra/comming-bg.jpg]
[codepixar.com/educare/php/img/slider/d1.jpg]
[codepixar.com/educare/php/img/slider/d2.jpg]
[codepixar.com/educare/php/img/slider/d3.jpg]
[codepixar.com/educare/php/img/kindergarten/b1.jpg]
[codepixar.com/educare/php/img/vector/driving1.png]
[codepixar.com/educare/php/img/vector/design3.png]
[codepixar.com/educare/php/css/main.css]
[codepixar.com/educare/php/02-home-college.html]
[codepixar.com/educare/php/img/slider/7.jpg]
[codepixar.com/educare/php/img/slider/8.jpg]
[codepixar.com/educare/php/img/brand/1.png]
[codepixar.com/educare/php/img/brand/2.png]
[codepixar.com/educare/php/img/brand/3.png]
[codepixar.com/educare/php/img/brand/4.png]
[codepixar.com/educare/php/img/brand/5.png]
[codepixar.com/educare/php/img/brand/6.png]
[codepixar.com/educare/php/03-home-online-education.html]
[codepixar.com/educare/php/img/slider/mac.png]
[codepixar.com/educare/php/img/flag/1.png]
[codepixar.com/educare/php/img/flag/2.png]
[codepixar.com/educare/php/img/flag/3.png]
[codepixar.com/educare/php/img/flag/4.png]
[codepixar.com/educare/php/img/flag/5.png]
[codepixar.com/educare/php/img/flag/6.png]
[codepixar.com/educare/php/img/extra/devices.png]
[codepixar.com/educare/php/img/extra/browsers.png]
[codepixar.com/educare/php/04-home-language.html]
[codepixar.com/educare/php/img/kindergarten/logo.png]
[codepixar.com/educare/php/img/kindergarten/s1.jpg]
[codepixar.com/educare/php/img/kindergarten/s2.jpg]
[codepixar.com/educare/php/img/kindergarten/e1.jpg]
[codepixar.com/educare/php/img/kindergarten/c1.jpg]
[codepixar.com/educare/php/img/kindergarten/c2.jpg]
[codepixar.com/educare/php/img/kindergarten/c3.jpg]
[codepixar.com/educare/php/img/chairman/s2.png]
[codepixar.com/educare/php/img/footer/4.jpg]
[codepixar.com/educare/php/img/footer/5.jpg]
[codepixar.com/educare/php/img/footer/6.jpg]
[codepixar.com/educare/php/05-home-kindergarten.html]
[codepixar.com/educare/php/21-login.html]
[codepixar.com/educare/php/img/slider/9.jpg]
[codepixar.com/educare/php/img/slider/9a.jpg]
[codepixar.com/educare/php/img/vector/mb6.png]
[codepixar.com/educare/php/img/course/7.jpg]
[codepixar.com/educare/php/img/course/d1.jpg]
[codepixar.com/educare/php/img/course/d3.jpg]
[codepixar.com/educare/php/img/course/t1.jpg]
[codepixar.com/educare/php/img/course/t2.jpg]
[codepixar.com/educare/php/img/course/t3.jpg]
[codepixar.com/educare/php/img/course/t4.jpg]
[codepixar.com/educare/php/img/blog/1.jpg]
[codepixar.com/educare/php/img/blog/2.jpg]
[codepixar.com/educare/php/06-home-driving-school.html]
[codepixar.com/educare/php/img/logo/logo2.png]
[codepixar.com/educare/php/img/slider/10.jpg]
[codepixar.com/educare/php/img/slider/11.jpg]
[codepixar.com/educare/php/img/slider/12.jpg]
[codepixar.com/educare/php/img/vector/mb7.png]
[codepixar.com/educare/php/img/course/r1.jpg]
[codepixar.com/educare/php/img/course/r2.jpg]
[codepixar.com/educare/php/img/course/r3.jpg]
[codepixar.com/educare/php/img/teacher/1.jpg]
[codepixar.com/educare/php/img/teacher/2.jpg]
[codepixar.com/educare/php/img/teacher/3.jpg]
[codepixar.com/educare/php/img/teacher/4.jpg]
[codepixar.com/educare/php/img/testimonial/t3.jpg]
[codepixar.com/educare/php/07-home-designing-school.html]
[codepixar.com/educare/php/img/slider/15.jpg]
[codepixar.com/educare/php/img/vector/mb8.png]
[codepixar.com/educare/php/img/course/c1.jpg]
[codepixar.com/educare/php/img/course/c2.jpg]
[codepixar.com/educare/php/img/course/c3.jpg]
[codepixar.com/educare/php/img/cta/fruit.png]
[codepixar.com/educare/php/img/blog/c1.jpg]
[codepixar.com/educare/php/img/blog/c3.jpg]
[codepixar.com/educare/php/img/footer/c1.jpg]
[codepixar.com/educare/php/img/footer/c2.jpg]
[codepixar.com/educare/php/img/footer/c3.jpg]
[codepixar.com/educare/php/img/footer/c4.jpg]
[codepixar.com/educare/php/08-home-cooking-school.html]
[codepixar.com/educare/php/10-course-grid-01.html]
[codepixar.com/educare/php/11-course-grid-02.html]
[codepixar.com/educare/php/12-course-list-01.html]
[codepixar.com/educare/php/img/course/f1.jpg]
[codepixar.com/educare/php/img/course/f2.jpg]
[codepixar.com/educare/php/img/course/f3.jpg]
[codepixar.com/educare/php/img/course/f4.jpg]
[codepixar.com/educare/php/13-course-list-02.html]
[codepixar.com/educare/php/img/course/w1.jpg]
[codepixar.com/educare/php/img/extra/light-box.jpg]
[codepixar.com/educare/php/img/extra/comment-person.png]
[codepixar.com/educare/php/14-course-details.html]
[codepixar.com/educare/php/img/teacher/5.jpg]
[codepixar.com/educare/php/img/teacher/6.jpg]
[codepixar.com/educare/php/img/teacher/7.jpg]
[codepixar.com/educare/php/26-teacher-grid.html]
[codepixar.com/educare/php/27-teacher-list.html]
[codepixar.com/educare/php/28-teacher-archive.html]
[codepixar.com/educare/php/img/teacher/c1.png]
[codepixar.com/educare/php/img/teacher/a1.jpg]
[codepixar.com/educare/php/img/teacher/a2.jpg]
[codepixar.com/educare/php/img/teacher/a3.jpg]
[codepixar.com/educare/php/img/teacher/a4.jpg]
[codepixar.com/educare/php/img/teacher/a5.jpg]
[codepixar.com/educare/php/29-teacher-details.html]
[codepixar.com/educare/php/img/blog/s1.jpg]
[codepixar.com/educare/php/img/blog/b1.jpg]
[codepixar.com/educare/php/32-blog-home.html]
[codepixar.com/educare/php/img/blog/w1.jpg]
[codepixar.com/educare/php/img/blog/w2.jpg]
[codepixar.com/educare/php/img/blog/w3.jpg]
[codepixar.com/educare/php/img/blog/w4.jpg]
[codepixar.com/educare/php/33-blog-left-sidebar.html]
[codepixar.com/educare/php/34-blog-right-sidebar.html]
[codepixar.com/educare/php/img/publication/r1.jpg]
[codepixar.com/educare/php/img/publication/r2.jpg]
[codepixar.com/educare/php/img/publication/r3.jpg]
[codepixar.com/educare/php/img/publication/r4.jpg]
[codepixar.com/educare/php/35-blog-single.html]
[codepixar.com/educare/php/img/event/1.jpg]
[codepixar.com/educare/php/img/event/2.jpg]
[codepixar.com/educare/php/img/event/3.jpg]
[codepixar.com/educare/php/img/event/4.jpg]
[codepixar.com/educare/php/15-events-listview.html]
[codepixar.com/educare/php/img/event/5.jpg]
[codepixar.com/educare/php/16-events-gridview.html]
[codepixar.com/educare/php/img/shop/c1.jpg]
[codepixar.com/educare/php/img/shop/c2.jpg]
[codepixar.com/educare/php/img/shop/c3.jpg]
[codepixar.com/educare/php/img/shop/b1.jpg]
[codepixar.com/educare/php/img/shop/h1.png]
[codepixar.com/educare/php/img/shop/h2.png]
[codepixar.com/educare/php/img/shop/s1.jpg]
[codepixar.com/educare/php/img/headphone/1.png]
[codepixar.com/educare/php/img/headphone/2.png]
[codepixar.com/educare/php/img/headphone/3.png]
[codepixar.com/educare/php/img/headphone/4.png]
[codepixar.com/educare/php/img/headphone/5.png]
[codepixar.com/educare/php/img/headphone/6.png]
[codepixar.com/educare/php/img/headphone/7.png]
[codepixar.com/educare/php/img/headphone/8.png]
[codepixar.com/educare/php/img/headphone/9.png]
[codepixar.com/educare/php/img/headphone/10.png]
[codepixar.com/educare/php/img/headphone/11.png]
[codepixar.com/educare/php/36-shop-home.html]
[codepixar.com/educare/php/img/goods/1.png]
[codepixar.com/educare/php/img/goods/2.png]
[codepixar.com/educare/php/img/goods/3.png]
[codepixar.com/educare/php/img/goods/4.png]
[codepixar.com/educare/php/img/goods/5.png]
[codepixar.com/educare/php/img/goods/6.png]
[codepixar.com/educare/php/img/goods/7.png]
[codepixar.com/educare/php/img/goods/8.png]
[codepixar.com/educare/php/img/goods/9.png]
[codepixar.com/educare/php/img/shop/w1.jpg]
[codepixar.com/educare/php/img/shop/w2.jpg]
[codepixar.com/educare/php/img/shop/w3.jpg]
[codepixar.com/educare/php/37-shop-grid-sidebar.html]
[codepixar.com/educare/php/img/shop/l1.jpg]
[codepixar.com/educare/php/img/shop/l2.jpg]
[codepixar.com/educare/php/img/shop/l3.jpg]
[codepixar.com/educare/php/img/shop/l4.jpg]
[codepixar.com/educare/php/img/shop/l5.jpg]
[codepixar.com/educare/php/img/shop/l6.jpg]
[codepixar.com/educare/php/38-shop-list-sidebar.html]
[codepixar.com/educare/php/img/slider/p1.jpg]
[codepixar.com/educare/php/img/slider/p2.jpg]
[codepixar.com/educare/php/img/slider/p3.jpg]
[codepixar.com/educare/php/img/headphone/s1.png]
[codepixar.com/educare/php/39-shop-single-product.html]
[codepixar.com/educare/php/img/shop/m1.jpg]
[codepixar.com/educare/php/img/shop/m2.jpg]
[codepixar.com/educare/php/img/shop/m3.jpg]
[codepixar.com/educare/php/40-shop-cart.html]
[codepixar.com/educare/php/41-shop-checkout.html]
[codepixar.com/educare/php/42-shop-payment.html]
[codepixar.com/educare/php/43-shop-confirmation.html]
[codepixar.com/educare/php/img/buddypress/2.jpg]
[codepixar.com/educare/php/img/buddypress/1.jpg]
[codepixar.com/educare/php/img/buddypress/4.jpg]
[codepixar.com/educare/php/img/buddypress/5.jpg]
[codepixar.com/educare/php/img/buddypress/6.jpg]
[codepixar.com/educare/php/img/buddypress/7.jpg]
[codepixar.com/educare/php/img/buddypress/8.jpg]
[codepixar.com/educare/php/44-buddypress-activity.html]
[codepixar.com/educare/php/img/buddypress/3.jpg]
[codepixar.com/educare/php/44-buddypress-activity-afterlogin.html]
[codepixar.com/educare/php/img/buddypress/9.jpg]
[codepixar.com/educare/php/img/buddypress/10.jpg]
[codepixar.com/educare/php/img/buddypress/11.jpg]
[codepixar.com/educare/php/img/buddypress/12.jpg]
[codepixar.com/educare/php/img/buddypress/13.jpg]
[codepixar.com/educare/php/img/buddypress/14.jpg]
[codepixar.com/educare/php/46-buddypress-members.html]
[codepixar.com/educare/php/img/buddypress/16.jpg]
[codepixar.com/educare/php/img/buddypress/15.jpg]
[codepixar.com/educare/php/45-buddypress-groups.html]
[codepixar.com/educare/php/img/buddypress/c2.jpg]
[codepixar.com/educare/php/48-buddypress-groupdetails-forums.html]
[codepixar.com/educare/php/48-buddypress-groupdetails-members.html]
[codepixar.com/educare/php/48-buddypress-groupdetails-admins.html]
[codepixar.com/educare/php/48-buddypress-groupdetails-afterlogin.html]
[codepixar.com/educare/php/48-buddypress-groupdetails.html]
[codepixar.com/educare/php/48-buddypress-groupdetails-members2.html]
[codepixar.com/educare/php/48-buddypress-groupdetails-forums2.html]
[codepixar.com/educare/php/48-buddypress-groupdetails-admins2.html]
[codepixar.com/educare/php/49-buddypress-forums-home.html]
[codepixar.com/educare/php/50-elements.html]
[codepixar.com/educare/php/09-about.html]
[codepixar.com/educare/php/img/publication/p1.jpg]
[codepixar.com/educare/php/img/publication/p2.jpg]
[codepixar.com/educare/php/img/publication/p3.jpg]
[codepixar.com/educare/php/img/publication/p4.jpg]
[codepixar.com/educare/php/17-publication-board.html]
[codepixar.com/educare/php/img/publication/d1.jpg]
[codepixar.com/educare/php/18-publication-details.html]
[codepixar.com/educare/php/img/testimonial/t2.png]
[codepixar.com/educare/php/19-testimonials.html]
[codepixar.com/educare/php/img/clients/1.png]
[codepixar.com/educare/php/img/clients/2.png]
[codepixar.com/educare/php/img/clients/3.png]
[codepixar.com/educare/php/img/clients/4.png]
[codepixar.com/educare/php/img/clients/5.png]
[codepixar.com/educare/php/img/clients/6.png]
[codepixar.com/educare/php/20-clients.html]
[codepixar.com/educare/php/21-login-register.html]
[codepixar.com/educare/php/22-department-grid.html]
[codepixar.com/educare/php/img/course/e1.jpg]
[codepixar.com/educare/php/23-department-list.html]
[codepixar.com/educare/php/24-faqs.html]
[codepixar.com/educare/php/25-contact.html]
[codepixar.com/educare/php/img/extra/error.png]
[codepixar.com/educare/php/30-404-error.html]
[codepixar.com/educare/php/31-comming-soon.html]
[codepixar.com/educare/php/fonts/fontawesome-webfont3e6e.svg]
[www.codepixar.com/educare/php/css/owl.video.play.html]
[codepixar.com/educare/php/fonts/et-line/et-line.svg]
[codepixar.com/educare/php/fonts/glyphicons-halflings-regular.svg]
[codepixar.com/educare/php/fonts/Flaticon.svg]
[codepixar.com/educare/php/img/vector/cooking1.svg]
[codepixar.com/educare/php/21-login.html]
[codepixar.com/educare/php/img/extra/404-bg.jpg]
[codepixar.com/educare/php/img/slider/9b.jpg]
[codepixar.com/educare/php/img/vector/driving2.png]
[codepixar.com/educare/php/img/course/d2.jpg]
[codepixar.com/educare/php/img/vector/cooking2.svg]
[codepixar.com/educare/php/img/teacher/b1.png]
[codepixar.com/educare/php/48-buddypress-groupdetails-forums.html]
[codepixar.com/educare/php/48-buddypress-groupdetails-members.html]
[codepixar.com/educare/php/48-buddypress-groupdetails-admins.html]
[codepixar.com/educare/php/48-buddypress-groupdetails.html]
[codepixar.com/educare/php/48-buddypress-groupdetails-forums2.html]
[codepixar.com/educare/php/48-buddypress-groupdetails-members2.html]
[codepixar.com/educare/php/48-buddypress-groupdetails-admins2.html]
